127.0.0.1 - - [27/Apr/2015:12:02:52 +0530] "GET / HTTP/1.1" 404 -
127.0.0.1 - - [27/Apr/2015:12:02:52 +0530] "GET / HTTP/1.1" 404 994
0:0:0:0:0:0:0:1 - - [27/Apr/2015:12:03:18 +0530] "GET /RESTful_Example/index.html HTTP/1.1" 200 54
0:0:0:0:0:0:0:1 - - [27/Apr/2015:12:03:28 +0530] "GET /RESTful_Example/rest/ HTTP/1.1" 405 1056
0:0:0:0:0:0:0:1 - - [27/Apr/2015:12:03:37 +0530] "GET /RESTful_Example/rest/hello/mahesh HTTP/1.1" 404 1010
0:0:0:0:0:0:0:1 - - [27/Apr/2015:12:03:42 +0530] "GET /RESTful_Example/rest/hello HTTP/1.1" 404 1010
0:0:0:0:0:0:0:1 - - [27/Apr/2015:12:03:45 +0530] "GET /RESTful_Example/rest/hello/ HTTP/1.1" 404 1010
0:0:0:0:0:0:0:1 - - [27/Apr/2015:12:04:58 +0530] "GET /RESTful_Example/rest/welcome/Mahesh HTTP/1.1" 200 46
0:0:0:0:0:0:0:1 - - [27/Apr/2015:12:05:13 +0530] "GET /RESTful_Example/rest/welcome/Mahesh HTTP/1.1" 200 46
0:0:0:0:0:0:0:1 - - [27/Apr/2015:12:05:23 +0530] "GET /RESTful_Example/rest/welcome/Mahesh HTTP/1.1" 200 46
0:0:0:0:0:0:0:1 - - [27/Apr/2015:12:07:56 +0530] "GET /RESTful_Example/rest/welcome/Mahesh HTTP/1.1" 500 4023
127.0.0.1 - - [27/Apr/2015:12:13:22 +0530] "GET / HTTP/1.1" 404 994
0:0:0:0:0:0:0:1 - - [27/Apr/2015:12:13:29 +0530] "GET /RESTful_Example/rest/customer HTTP/1.1" 200 43
0:0:0:0:0:0:0:1 - - [27/Apr/2015:12:13:33 +0530] "GET /RESTful_Example/rest/customer/Mahesh HTTP/1.1" 200 47
0:0:0:0:0:0:0:1 - - [27/Apr/2015:12:13:36 +0530] "GET /RESTful_Example/rest/customer/Mahes HTTP/1.1" 200 46
0:0:0:0:0:0:0:1 - - [27/Apr/2015:12:13:38 +0530] "GET /RESTful_Example/rest/customer/ HTTP/1.1" 200 43
0:0:0:0:0:0:0:1 - - [27/Apr/2015:12:13:40 +0530] "GET /RESTful_Example/rest/customer HTTP/1.1" 200 43
0:0:0:0:0:0:0:1 - - [27/Apr/2015:12:13:41 +0530] "GET /RESTful_Example/rest/custome HTTP/1.1" 404 1010
0:0:0:0:0:0:0:1 - - [27/Apr/2015:12:13:43 +0530] "GET /RESTful_Example/rest/custome/ HTTP/1.1" 404 1010
0:0:0:0:0:0:0:1 - - [27/Apr/2015:12:13:45 +0530] "GET /RESTful_Example/rest/customer HTTP/1.1" 200 43
127.0.0.1 - - [27/Apr/2015:12:18:19 +0530] "GET / HTTP/1.1" 404 994
0:0:0:0:0:0:0:1 - - [27/Apr/2015:12:18:30 +0530] "GET /RESTful_Example/rest/customers/ HTTP/1.1" 405 1056
0:0:0:0:0:0:0:1 - - [27/Apr/2015:12:18:33 +0530] "GET /RESTful_Example/rest/customers/customer HTTP/1.1" 200 43
0:0:0:0:0:0:0:1 - - [27/Apr/2015:12:18:37 +0530] "GET /RESTful_Example/rest/customers/customer/Mahesh HTTP/1.1" 404 1010
127.0.0.1 - - [27/Apr/2015:12:19:44 +0530] "GET / HTTP/1.1" 404 994
0:0:0:0:0:0:0:1 - - [27/Apr/2015:12:19:56 +0530] "GET /RESTful_Example/rest/customers/customer/Mahesh HTTP/1.1" 200 65
0:0:0:0:0:0:0:1 - - [27/Apr/2015:12:20:00 +0530] "GET /RESTful_Example/rest/customers/customer/Ma HTTP/1.1" 200 61
0:0:0:0:0:0:0:1 - - [27/Apr/2015:12:20:01 +0530] "GET /RESTful_Example/rest/customers/customer/M HTTP/1.1" 200 60
0:0:0:0:0:0:0:1 - - [27/Apr/2015:12:20:03 +0530] "GET /RESTful_Example/rest/customers/customer/ HTTP/1.1" 200 59
0:0:0:0:0:0:0:1 - - [27/Apr/2015:12:20:13 +0530] "GET /RESTful_Example/rest/customers/customer/1 HTTP/1.1" 200 56
0:0:0:0:0:0:0:1 - - [27/Apr/2015:12:20:15 +0530] "GET /RESTful_Example/rest/customers/customer/2 HTTP/1.1" 200 56
0:0:0:0:0:0:0:1 - - [27/Apr/2015:12:20:18 +0530] "GET /RESTful_Example/rest/customers/customer/Ma1 HTTP/1.1" 404 1010
0:0:0:0:0:0:0:1 - - [27/Apr/2015:12:20:21 +0530] "GET /RESTful_Example/rest/customers/customer/Ma HTTP/1.1" 200 61
0:0:0:0:0:0:0:1 - - [27/Apr/2015:12:20:23 +0530] "GET /RESTful_Example/rest/customers/customer/Maq HTTP/1.1" 200 62
0:0:0:0:0:0:0:1 - - [27/Apr/2015:12:20:24 +0530] "GET /RESTful_Example/rest/customers/customer/Ma HTTP/1.1" 200 61
0:0:0:0:0:0:0:1 - - [27/Apr/2015:12:20:26 +0530] "GET /RESTful_Example/rest/customers/customer/ HTTP/1.1" 200 59
0:0:0:0:0:0:0:1 - - [27/Apr/2015:12:20:30 +0530] "GET /RESTful_Example/rest/customers/customer/123 HTTP/1.1" 200 58
0:0:0:0:0:0:0:1 - - [27/Apr/2015:12:20:32 +0530] "GET /RESTful_Example/rest/customers/customer/ HTTP/1.1" 200 59
127.0.0.1 - - [27/Apr/2015:12:20:59 +0530] "GET / HTTP/1.1" 404 994
0:0:0:0:0:0:0:1 - - [27/Apr/2015:12:21:03 +0530] "GET /RESTful_Example/rest/customers/customer/1 HTTP/1.1" 200 56
0:0:0:0:0:0:0:1 - - [27/Apr/2015:12:21:07 +0530] "GET /RESTful_Example/rest/customers/customer/ada1 HTTP/1.1" 200 63
0:0:0:0:0:0:0:1 - - [27/Apr/2015:12:21:10 +0530] "GET /RESTful_Example/rest/customers/customer/ada HTTP/1.1" 404 1010
0:0:0:0:0:0:0:1 - - [27/Apr/2015:12:21:14 +0530] "GET /RESTful_Example/rest/customers/customer/ada1 HTTP/1.1" 200 63
0:0:0:0:0:0:0:1 - - [27/Apr/2015:12:21:26 +0530] "GET /RESTful_Example/rest/customers/customer/ada1 HTTP/1.1" 404 992
0:0:0:0:0:0:0:1 - - [27/Apr/2015:12:21:37 +0530] "GET /RESTful_Example/rest/customers/customer/mahesh_klp HTTP/1.1" 404 992
0:0:0:0:0:0:0:1 - - [27/Apr/2015:12:21:43 +0530] "GET /RESTful_Example/rest/customers/customer/mahesh HTTP/1.1" 404 992
127.0.0.1 - - [27/Apr/2015:12:21:51 +0530] "GET / HTTP/1.1" 404 994
0:0:0:0:0:0:0:1 - - [27/Apr/2015:12:21:55 +0530] "GET /RESTful_Example/rest/customers/customer/mahesh HTTP/1.1" 200 65
0:0:0:0:0:0:0:1 - - [27/Apr/2015:12:22:01 +0530] "GET /RESTful_Example/rest/customers/customer/123 HTTP/1.1" 200 58
127.0.0.1 - - [27/Apr/2015:12:26:57 +0530] "GET / HTTP/1.1" 404 994
0:0:0:0:0:0:0:1 - - [27/Apr/2015:12:27:05 +0530] "GET /RESTful_Example/rest/customers/customer/12-10-2014 HTTP/1.1" 200 77
0:0:0:0:0:0:0:1 - - [27/Apr/2015:12:27:07 +0530] "GET /RESTful_Example/rest/customers/customer/12-10-201 HTTP/1.1" 200 76
0:0:0:0:0:0:0:1 - - [27/Apr/2015:12:27:10 +0530] "GET /RESTful_Example/rest/customers/customer/12-10-20 HTTP/1.1" 200 75
0:0:0:0:0:0:0:1 - - [27/Apr/2015:12:27:10 +0530] "GET /RESTful_Example/rest/customers/customer/12-10-20 HTTP/1.1" 200 75
0:0:0:0:0:0:0:1 - - [27/Apr/2015:12:27:12 +0530] "GET /RESTful_Example/rest/customers/customer/12-10-2014 HTTP/1.1" 200 77
127.0.0.1 - - [27/Apr/2015:12:29:51 +0530] "GET / HTTP/1.1" 404 994
0:0:0:0:0:0:0:1 - - [27/Apr/2015:12:30:40 +0530] "GET /RESTful_Example/rest/customers/customer?customerid=100 HTTP/1.1" 500 4671
0:0:0:0:0:0:0:1 - - [27/Apr/2015:12:31:02 +0530] "GET /RESTful_Example/rest/customers/customer?custID=100 HTTP/1.1" 500 4671
127.0.0.1 - - [27/Apr/2015:12:31:16 +0530] "GET / HTTP/1.1" 404 994
127.0.0.1 - - [27/Apr/2015:12:32:18 +0530] "GET / HTTP/1.1" 404 994
0:0:0:0:0:0:0:1 - - [27/Apr/2015:12:32:22 +0530] "GET /RESTful_Example/rest/customers/customer?custID=100 HTTP/1.1" 200 58
0:0:0:0:0:0:0:1 - - [27/Apr/2015:12:32:27 +0530] "GET /RESTful_Example/rest/customers/customer HTTP/1.1" 200 59
0:0:0:0:0:0:0:1 - - [27/Apr/2015:12:32:33 +0530] "GET /RESTful_Example/rest/customers/customer/ HTTP/1.1" 200 59
0:0:0:0:0:0:0:1 - - [27/Apr/2015:12:32:35 +0530] "GET /RESTful_Example/rest/customers/customer HTTP/1.1" 200 59
0:0:0:0:0:0:0:1 - - [27/Apr/2015:12:32:37 +0530] "GET /RESTful_Example/rest/customers/customer/ HTTP/1.1" 200 59
0:0:0:0:0:0:0:1 - - [27/Apr/2015:12:32:38 +0530] "GET /RESTful_Example/rest/customers/customer HTTP/1.1" 200 59
0:0:0:0:0:0:0:1 - - [27/Apr/2015:12:32:42 +0530] "GET /RESTful_Example/rest/customers/ HTTP/1.1" 405 1056
0:0:0:0:0:0:0:1 - - [27/Apr/2015:12:32:44 +0530] "GET /RESTful_Example/rest/customers HTTP/1.1" 405 1056
127.0.0.1 - - [27/Apr/2015:12:33:12 +0530] "GET / HTTP/1.1" 404 994
0:0:0:0:0:0:0:1 - - [27/Apr/2015:12:33:15 +0530] "GET /RESTful_Example/rest/customers HTTP/1.1" 200 43
0:0:0:0:0:0:0:1 - - [27/Apr/2015:12:33:39 +0530] "GET /RESTful_Example/rest/customers/customer HTTP/1.1" 200 59
0:0:0:0:0:0:0:1 - - [27/Apr/2015:12:33:44 +0530] "GET /RESTful_Example/rest/customers/customer? HTTP/1.1" 200 59
0:0:0:0:0:0:0:1 - - [27/Apr/2015:12:33:50 +0530] "GET /RESTful_Example/rest/customers/customer?custID=1 HTTP/1.1" 200 56
127.0.0.1 - - [27/Apr/2015:12:46:32 +0530] "GET / HTTP/1.1" 404 994
0:0:0:0:0:0:0:1 - - [27/Apr/2015:12:46:41 +0530] "GET /RESTful_Example/rest/customers/customer/history HTTP/1.1" 500 1082
0:0:0:0:0:0:0:1 - - [27/Apr/2015:12:49:24 +0530] "GET /RESTful_Example/rest/customers/customer/history HTTP/1.1" 404 992
0:0:0:0:0:0:0:1 - - [27/Apr/2015:12:49:37 +0530] "GET /RESTful_Example/rest/customers/customer/history?q=1&t=1 HTTP/1.1" 404 992
0:0:0:0:0:0:0:1 - - [27/Apr/2015:12:50:02 +0530] "GET /RESTful_Example/rest/customers/customer/history?q=1&t=1 HTTP/1.1" 404 992
127.0.0.1 - - [27/Apr/2015:12:50:15 +0530] "GET / HTTP/1.1" 404 994
0:0:0:0:0:0:0:1 - - [27/Apr/2015:12:50:20 +0530] "GET /RESTful_Example/rest/customers/customer/history?q=1&t=1 HTTP/1.1" 500 3413
127.0.0.1 - - [27/Apr/2015:12:51:47 +0530] "GET / HTTP/1.1" 404 -
127.0.0.1 - - [27/Apr/2015:12:51:47 +0530] "GET / HTTP/1.1" 404 -
127.0.0.1 - - [27/Apr/2015:12:51:47 +0530] "GET / HTTP/1.1" 404 994
127.0.0.1 - - [27/Apr/2015:14:09:16 +0530] "GET / HTTP/1.1" 404 994
0:0:0:0:0:0:0:1 - - [27/Apr/2015:14:09:21 +0530] "GET /RESTful_Example/rest/customers/customer/history?q=1&t=1 HTTP/1.1" 200 106
127.0.0.1 - - [27/Apr/2015:14:10:26 +0530] "GET / HTTP/1.1" 404 994
0:0:0:0:0:0:0:1 - - [27/Apr/2015:14:10:39 +0530] "GET /RESTful_Example/rest/customers/customer/history?q=1&t=1 HTTP/1.1" 200 108
0:0:0:0:0:0:0:1 - - [27/Apr/2015:14:10:39 +0530] "GET /RESTful_Example/rest/customers/customer/history?q=1&t=1 HTTP/1.1" 200 108
0:0:0:0:0:0:0:1 - - [27/Apr/2015:14:10:42 +0530] "GET /RESTful_Example/rest/customers/customer/history?q=1&t=1 HTTP/1.1" 200 108
0:0:0:0:0:0:0:1 - - [27/Apr/2015:14:10:43 +0530] "GET /RESTful_Example/rest/customers/customer/history?q=1&t=1 HTTP/1.1" 200 108
127.0.0.1 - - [27/Apr/2015:16:36:50 +0530] "GET / HTTP/1.1" 404 994
0:0:0:0:0:0:0:1 - - [27/Apr/2015:16:37:51 +0530] "GET /RESTful_Example/rest/customers/customer/123;dept=New%20Department%20Name;teamName=Nordea%20RBO%20Process HTTP/1.1" 200 58
127.0.0.1 - - [27/Apr/2015:16:38:44 +0530] "GET / HTTP/1.1" 404 994
0:0:0:0:0:0:0:1 - - [27/Apr/2015:16:38:52 +0530] "GET /RESTful_Example/rest/customers/customer/123;dept=New%20Department%20Name;teamName=Nordea%20RBO%20Process HTTP/1.1" 200 58
0:0:0:0:0:0:0:1 - - [27/Apr/2015:16:38:53 +0530] "GET /RESTful_Example/rest/customers/customer/123;dept=New%20Department%20Name;teamName=Nordea%20RBO%20Process HTTP/1.1" 200 58
0:0:0:0:0:0:0:1 - - [27/Apr/2015:16:38:54 +0530] "GET /RESTful_Example/rest/customers/customer/123;dept=New%20Department%20Name;teamName=Nordea%20RBO%20Process HTTP/1.1" 200 58
0:0:0:0:0:0:0:1 - - [27/Apr/2015:16:38:54 +0530] "GET /RESTful_Example/rest/customers/customer/123;dept=New%20Department%20Name;teamName=Nordea%20RBO%20Process HTTP/1.1" 200 58
0:0:0:0:0:0:0:1 - - [27/Apr/2015:16:39:15 +0530] "GET /RESTful_Example/rest/customers/customer/123;dept=New%20Department%20Name;teamName=Nordea%20RBO%20Process HTTP/1.1" 404 992
127.0.0.1 - - [27/Apr/2015:16:39:37 +0530] "GET / HTTP/1.1" 404 994
0:0:0:0:0:0:0:1 - - [27/Apr/2015:16:39:41 +0530] "GET /RESTful_Example/rest/customers/customer/123;dept=New%20Department%20Name;teamName=Nordea%20RBO%20Process HTTP/1.1" 200 126
127.0.0.1 - - [27/Apr/2015:16:40:05 +0530] "GET / HTTP/1.1" 404 994
0:0:0:0:0:0:0:1 - - [27/Apr/2015:16:40:23 +0530] "GET /RESTful_Example/rest/customers/customer/matrix/123;dept=New%20Department%20Name;teamName=Nordea%20RBO%20Process HTTP/1.1" 200 126
127.0.0.1 - - [27/Apr/2015:16:40:44 +0530] "GET / HTTP/1.1" 404 994
0:0:0:0:0:0:0:1 - - [27/Apr/2015:16:40:48 +0530] "GET /RESTful_Example/rest/customers/customer/matrix/123;dept=New%20Department%20Name;teamName=Nordea%20RBO%20Process HTTP/1.1" 200 126
0:0:0:0:0:0:0:1 - - [27/Apr/2015:16:40:49 +0530] "GET /RESTful_Example/rest/customers/customer/matrix/123;dept=New%20Department%20Name;teamName=Nordea%20RBO%20Process HTTP/1.1" 200 126
127.0.0.1 - - [27/Apr/2015:17:01:58 +0530] "GET / HTTP/1.1" 404 994
0:0:0:0:0:0:0:1 - - [27/Apr/2015:17:02:57 +0530] "GET /RESTful_Example/PlaceOrder.html HTTP/1.1" 200 594
0:0:0:0:0:0:0:1 - - [27/Apr/2015:17:03:15 +0530] "POST /rest/order HTTP/1.1" 404 1014
0:0:0:0:0:0:0:1 - - [27/Apr/2015:17:04:04 +0530] "POST /rest/order HTTP/1.1" 404 1014
0:0:0:0:0:0:0:1 - - [27/Apr/2015:17:05:30 +0530] "GET /RESTful_Example/PlaceOrder.html HTTP/1.1" 200 610
0:0:0:0:0:0:0:1 - - [27/Apr/2015:17:05:30 +0530] "GET /favicon.ico HTTP/1.1" 404 1016
0:0:0:0:0:0:0:1 - - [27/Apr/2015:17:05:33 +0530] "GET /RESTful_Example/PlaceOrder.html HTTP/1.1" 200 610
0:0:0:0:0:0:0:1 - - [27/Apr/2015:17:05:33 +0530] "GET /favicon.ico HTTP/1.1" 404 1016
0:0:0:0:0:0:0:1 - - [27/Apr/2015:17:05:49 +0530] "POST /RESTful_Example/rest/order HTTP/1.1" 200 101
0:0:0:0:0:0:0:1 - - [27/Apr/2015:17:07:00 +0530] "POST /RESTful_Example/PlaceOrder.html HTTP/1.1" 200 610
0:0:0:0:0:0:0:1 - - [27/Apr/2015:17:30:31 +0530] "POST /RESTful_Example/rest/order HTTP/1.1" 200 78
0:0:0:0:0:0:0:1 - - [27/Apr/2015:17:30:53 +0530] "POST /RESTful_Example/rest/order HTTP/1.1" 200 78
0:0:0:0:0:0:0:1 - - [27/Apr/2015:17:33:28 +0530] "POST /RESTful_Example/rest/order HTTP/1.1" 200 78
0:0:0:0:0:0:0:1 - - [27/Apr/2015:17:33:29 +0530] "POST /RESTful_Example/rest/order HTTP/1.1" 200 78
0:0:0:0:0:0:0:1 - - [27/Apr/2015:17:33:56 +0530] "POST /RESTful_Example/rest/order HTTP/1.1" 200 78
0:0:0:0:0:0:0:1 - - [27/Apr/2015:17:34:02 +0530] "POST /RESTful_Example/rest/order HTTP/1.1" 200 78
0:0:0:0:0:0:0:1 - - [27/Apr/2015:17:34:04 +0530] "POST /RESTful_Example/rest/order HTTP/1.1" 200 78
127.0.0.1 - - [27/Apr/2015:17:52:48 +0530] "GET / HTTP/1.1" 404 994
0:0:0:0:0:0:0:1 - - [27/Apr/2015:17:53:28 +0530] "GET /RESTful_Example/rest/order HTTP/1.1" 200 156
127.0.0.1 - - [27/Apr/2015:17:53:40 +0530] "GET / HTTP/1.1" 404 994
0:0:0:0:0:0:0:1 - - [27/Apr/2015:17:53:47 +0530] "GET /RESTful_Example/rest/order HTTP/1.1" 200 156
0:0:0:0:0:0:0:1 - - [27/Apr/2015:17:53:50 +0530] "GET /RESTful_Example/rest/order HTTP/1.1" 200 156
0:0:0:0:0:0:0:1 - - [27/Apr/2015:17:53:50 +0530] "GET /favicon.ico HTTP/1.1" 404 1016
0:0:0:0:0:0:0:1 - - [27/Apr/2015:17:53:58 +0530] "GET /RESTful_Example/rest/order/ HTTP/1.1" 200 156
0:0:0:0:0:0:0:1 - - [27/Apr/2015:17:54:08 +0530] "GET /RESTful_Example/rest/order/ HTTP/1.1" 200 156
127.0.0.1 - - [27/Apr/2015:17:56:50 +0530] "GET / HTTP/1.1" 404 994
0:0:0:0:0:0:0:1 - - [27/Apr/2015:17:57:10 +0530] "GET /RESTful_Example/rest/order HTTP/1.1" 200 24
0:0:0:0:0:0:0:1 - - [27/Apr/2015:17:57:39 +0530] "GET /RESTful_Example/rest/order HTTP/1.1" 200 24
127.0.0.1 - - [27/Apr/2015:17:57:47 +0530] "GET / HTTP/1.1" 404 994
0:0:0:0:0:0:0:1 - - [27/Apr/2015:17:57:50 +0530] "GET /RESTful_Example/rest/order HTTP/1.1" 200 24
0:0:0:0:0:0:0:1 - - [27/Apr/2015:17:57:52 +0530] "GET /RESTful_Example/rest/order HTTP/1.1" 200 24
